=== RUN   TestLeaseFastGetReducesRPCs
Test: one client (5D lease rpc compare) (reliable network)...
  ... Passed --  time  0.8s #peers 3 #RPCs    43 #Ops    0
Test: one client (5D lease rpc compare) (reliable network)...
  ... Passed --  time  1.2s #peers 3 #RPCs    46 #Ops    0
--- PASS: TestLeaseFastGetReducesRPCs (2.01s)
=== RUN   TestLeaseFastGetReducesRPCs
Test: one client (5D lease rpc compare) (reliable network)...
  ... Passed --  time  0.9s #peers 3 #RPCs    47 #Ops    0
Test: one client (5D lease rpc compare) (reliable network)...
  ... Passed --  time  1.1s #peers 3 #RPCs    40 #Ops    0
--- PASS: TestLeaseFastGetReducesRPCs (2.01s)
=== RUN   TestLeaseFastGetReducesRPCs
Test: one client (5D lease rpc compare) (reliable network)...
  ... Passed --  time  1.1s #peers 3 #RPCs    53 #Ops    0
Test: one client (5D lease rpc compare) (reliable network)...
  ... Passed --  time  1.1s #peers 3 #RPCs    37 #Ops    0
--- PASS: TestLeaseFastGetReducesRPCs (2.18s)
=== RUN   TestLeaseFastGetReducesRPCs
Test: one client (5D lease rpc compare) (reliable network)...
  ... Passed --  time  0.8s #peers 3 #RPCs    44 #Ops    0
Test: one client (5D lease rpc compare) (reliable network)...
  ... Passed --  time  1.0s #peers 3 #RPCs    40 #Ops    0
--- PASS: TestLeaseFastGetReducesRPCs (1.85s)
=== RUN   TestLeaseFastGetReducesRPCs
Test: one client (5D lease rpc compare) (reliable network)...
  ... Passed --  time  0.8s #peers 3 #RPCs    44 #Ops    0
Test: one client (5D lease rpc compare) (reliable network)...
  ... Passed --  time  1.0s #peers 3 #RPCs    37 #Ops    0
--- PASS: TestLeaseFastGetReducesRPCs (1.83s)
=== RUN   TestLeaseFastGetReducesRPCs
Test: one client (5D lease rpc compare) (reliable network)...
  ... Passed --  time  0.9s #peers 3 #RPCs    47 #Ops    0
Test: one client (5D lease rpc compare) (reliable network)...
  ... Passed --  time  1.0s #peers 3 #RPCs    40 #Ops    0
--- PASS: TestLeaseFastGetReducesRPCs (1.90s)
=== RUN   TestLeaseFastGetReducesRPCs
Test: one client (5D lease rpc compare) (reliable network)...
  ... Passed --  time  0.9s #peers 3 #RPCs    47 #Ops    0
Test: one client (5D lease rpc compare) (reliable network)...
  ... Passed --  time  0.9s #peers 3 #RPCs    39 #Ops    0
--- PASS: TestLeaseFastGetReducesRPCs (1.82s)
=== RUN   TestLeaseFastGetReducesRPCs
Test: one client (5D lease rpc compare) (reliable network)...
  ... Passed --  time  1.0s #peers 3 #RPCs    50 #Ops    0
Test: one client (5D lease rpc compare) (reliable network)...
  ... Passed --  time  1.1s #peers 3 #RPCs    42 #Ops    0
--- PASS: TestLeaseFastGetReducesRPCs (2.12s)
=== RUN   TestLeaseFastGetReducesRPCs
Test: one client (5D lease rpc compare) (reliable network)...
  ... Passed --  time  0.8s #peers 3 #RPCs    43 #Ops    0
Test: one client (5D lease rpc compare) (reliable network)...
  ... Passed --  time  1.0s #peers 3 #RPCs    37 #Ops    0
--- PASS: TestLeaseFastGetReducesRPCs (1.77s)
=== RUN   TestLeaseFastGetReducesRPCs
Test: one client (5D lease rpc compare) (reliable network)...
  ... Passed --  time  1.0s #peers 3 #RPCs    51 #Ops    0
Test: one client (5D lease rpc compare) (reliable network)...
  ... Passed --  time  1.2s #peers 3 #RPCs    43 #Ops    0
--- PASS: TestLeaseFastGetReducesRPCs (2.18s)
=== RUN   TestLeaseFastGetReducesRPCs
Test: one client (5D lease rpc compare) (reliable network)...
  ... Passed --  time  0.9s #peers 3 #RPCs    47 #Ops    0
Test: one client (5D lease rpc compare) (reliable network)...
  ... Passed --  time  1.0s #peers 3 #RPCs    38 #Ops    0
--- PASS: TestLeaseFastGetReducesRPCs (1.94s)
=== RUN   TestLeaseFastGetReducesRPCs
Test: one client (5D lease rpc compare) (reliable network)...
  ... Passed --  time  0.9s #peers 3 #RPCs    46 #Ops    0
Test: one client (5D lease rpc compare) (reliable network)...
  ... Passed --  time  1.0s #peers 3 #RPCs    39 #Ops    0
--- PASS: TestLeaseFastGetReducesRPCs (1.93s)
=== RUN   TestLeaseFastGetReducesRPCs
Test: one client (5D lease rpc compare) (reliable network)...
  ... Passed --  time  1.0s #peers 3 #RPCs    49 #Ops    0
Test: one client (5D lease rpc compare) (reliable network)...
  ... Passed --  time  0.9s #peers 3 #RPCs    39 #Ops    0
--- PASS: TestLeaseFastGetReducesRPCs (1.93s)
=== RUN   TestLeaseFastGetReducesRPCs
Test: one client (5D lease rpc compare) (reliable network)...
  ... Passed --  time  0.9s #peers 3 #RPCs    48 #Ops    0
Test: one client (5D lease rpc compare) (reliable network)...
  ... Passed --  time  1.2s #peers 3 #RPCs    42 #Ops    0
--- PASS: TestLeaseFastGetReducesRPCs (2.08s)
=== RUN   TestLeaseFastGetReducesRPCs
Test: one client (5D lease rpc compare) (reliable network)...
  ... Passed --  time  0.9s #peers 3 #RPCs    47 #Ops    0
Test: one client (5D lease rpc compare) (reliable network)...
  ... Passed --  time  0.9s #peers 3 #RPCs    37 #Ops    0
--- PASS: TestLeaseFastGetReducesRPCs (1.77s)
=== RUN   TestLeaseFastGetReducesRPCs
Test: one client (5D lease rpc compare) (reliable network)...
  ... Passed --  time  0.9s #peers 3 #RPCs    47 #Ops    0
Test: one client (5D lease rpc compare) (reliable network)...
  ... Passed --  time  1.0s #peers 3 #RPCs    39 #Ops    0
--- PASS: TestLeaseFastGetReducesRPCs (1.90s)
=== RUN   TestLeaseFastGetReducesRPCs
Test: one client (5D lease rpc compare) (reliable network)...
  ... Passed --  time  0.9s #peers 3 #RPCs    47 #Ops    0
Test: one client (5D lease rpc compare) (reliable network)...
  ... Passed --  time  1.0s #peers 3 #RPCs    38 #Ops    0
--- PASS: TestLeaseFastGetReducesRPCs (1.92s)
=== RUN   TestLeaseFastGetReducesRPCs
Test: one client (5D lease rpc compare) (reliable network)...
  ... Passed --  time  0.8s #peers 3 #RPCs    43 #Ops    0
Test: one client (5D lease rpc compare) (reliable network)...
  ... Passed --  time  1.1s #peers 3 #RPCs    41 #Ops    0
--- PASS: TestLeaseFastGetReducesRPCs (1.96s)
=== RUN   TestLeaseFastGetReducesRPCs
Test: one client (5D lease rpc compare) (reliable network)...
  ... Passed --  time  0.8s #peers 3 #RPCs    45 #Ops    0
Test: one client (5D lease rpc compare) (reliable network)...
  ... Passed --  time  1.0s #peers 3 #RPCs    40 #Ops    0
--- PASS: TestLeaseFastGetReducesRPCs (1.80s)
=== RUN   TestLeaseFastGetReducesRPCs
Test: one client (5D lease rpc compare) (reliable network)...
  ... Passed --  time  0.9s #peers 3 #RPCs    46 #Ops    0
Test: one client (5D lease rpc compare) (reliable network)...
  ... Passed --  time  0.9s #peers 3 #RPCs    36 #Ops    0
--- PASS: TestLeaseFastGetReducesRPCs (1.81s)
PASS
ok  	6.5840/kvraft1	38.715s
